// Jest Snapshot v1, https://goo.gl/fbAQLP

exports[`Footer component renders the footer 1`] = `
<div
  className="footer"
>
  <a
    className="alex noDecoration link"
    href="https://www.alextrz.com"
    rel="noopener noreferrer"
    target="_blank"
  >
    About the author
  </a>
</div>
`;
